[   14484ms] [INFO] %cDownload the React DevTools for a better development experience: https://react.dev/link/react-devtools font-weight:bold @ https://localhost:3000/_next/static/chunks/node_modules_next_dist_1ybzpk2._.js:2477
[   14619ms] [LOG] [HMR] connected @ https://localhost:3000/_next/static/chunks/node_modules_next_dist_1ybzpk2._.js:2477
[   61523ms] [LOG] [Fast Refresh] rebuilding @ https://localhost:3000/_next/static/chunks/node_modules_next_dist_1ybzpk2._.js:2477
[   61545ms] [LOG] [Fast Refresh] done in 133ms @ https://localhost:3000/_next/static/chunks/node_modules_next_dist_1ybzpk2._.js:2477
[   63521ms] [LOG] [Fast Refresh] rebuilding @ https://localhost:3000/_next/static/chunks/node_modules_next_dist_1ybzpk2._.js:2477
[   64526ms] [LOG] [Fast Refresh] done in 1131ms @ https://localhost:3000/_next/static/chunks/node_modules_next_dist_1ybzpk2._.js:2477
[   64647ms] [LOG] [Fast Refresh] rebuilding @ https://localhost:3000/_next/static/chunks/node_modules_next_dist_1ybzpk2._.js:2477
[   64739ms] [LOG] [Fast Refresh] done in 197ms @ https://localhost:3000/_next/static/chunks/node_modules_next_dist_1ybzpk2._.js:2477
[   65015ms] [LOG] [Fast Refresh] rebuilding @ https://localhost:3000/_next/static/chunks/node_modules_next_dist_1ybzpk2._.js:2477
[   65194ms] [LOG] [Fast Refresh] done in 282ms @ https://localhost:3000/_next/static/chunks/node_modules_next_dist_1ybzpk2._.js:2477
[   65364ms] [LOG] [Fast Refresh] rebuilding @ https://localhost:3000/_next/static/chunks/node_modules_next_dist_1ybzpk2._.js:2477
[   65407ms] [LOG] [Fast Refresh] done in 151ms @ https://localhost:3000/_next/static/chunks/node_modules_next_dist_1ybzpk2._.js:2477
[   65645ms] [LOG] [Fast Refresh] rebuilding @ https://localhost:3000/_next/static/chunks/node_modules_next_dist_1ybzpk2._.js:2477
[   65678ms] [LOG] [Fast Refresh] done in 143ms @ https://localhost:3000/_next/static/chunks/node_modules_next_dist_1ybzpk2._.js:2477
[   65797ms] [LOG] [Fast Refresh] rebuilding @ https://localhost:3000/_next/static/chunks/node_modules_next_dist_1ybzpk2._.js:2477
[   65822ms] [LOG] [Fast Refresh] done in 134ms @ https://localhost:3000/_next/static/chunks/node_modules_next_dist_1ybzpk2._.js:2477
[   65984ms] [LOG] [Fast Refresh] rebuilding @ https://localhost:3000/_next/static/chunks/node_modules_next_dist_1ybzpk2._.js:2477
[   66062ms] [LOG] [Fast Refresh] done in 179ms @ https://localhost:3000/_next/static/chunks/node_modules_next_dist_1ybzpk2._.js:2477
[   66201ms] [LOG] [Fast Refresh] rebuilding @ https://localhost:3000/_next/static/chunks/node_modules_next_dist_1ybzpk2._.js:2477
[   66821ms] [LOG] [Fast Refresh] done in 727ms @ https://localhost:3000/_next/static/chunks/node_modules_next_dist_1ybzpk2._.js:2477
[   66929ms] [LOG] [Fast Refresh] rebuilding @ https://localhost:3000/_next/static/chunks/node_modules_next_dist_1ybzpk2._.js:2477
[   67002ms] [LOG] [Fast Refresh] done in 178ms @ https://localhost:3000/_next/static/chunks/node_modules_next_dist_1ybzpk2._.js:2477
[   67192ms] [LOG] [Fast Refresh] rebuilding @ https://localhost:3000/_next/static/chunks/node_modules_next_dist_1ybzpk2._.js:2477
[   67194ms] [LOG] [Fast Refresh] done in 108ms @ https://localhost:3000/_next/static/chunks/node_modules_next_dist_1ybzpk2._.js:2477
[  107069ms] [LOG] [Fast Refresh] rebuilding @ https://localhost:3000/_next/static/chunks/node_modules_next_dist_1ybzpk2._.js:2477
[  107100ms] [LOG] [Fast Refresh] done in 131ms @ https://localhost:3000/_next/static/chunks/node_modules_next_dist_1ybzpk2._.js:2477
[  394920ms] [LOG] [Fast Refresh] rebuilding @ https://localhost:3000/_next/static/chunks/node_modules_next_dist_1ybzpk2._.js:2477
[  395114ms] [LOG] [Fast Refresh] done in 298ms @ https://localhost:3000/_next/static/chunks/node_modules_next_dist_1ybzpk2._.js:2477
[  689967ms] [LOG] [Fast Refresh] rebuilding @ https://localhost:3000/_next/static/chunks/node_modules_next_dist_1ybzpk2._.js:2477
[  690533ms] [LOG] [Fast Refresh] done in 669ms @ https://localhost:3000/_next/static/chunks/node_modules_next_dist_1ybzpk2._.js:2477
[  693366ms] [LOG] [Fast Refresh] rebuilding @ https://localhost:3000/_next/static/chunks/node_modules_next_dist_1ybzpk2._.js:2477
[  693372ms] [LOG] [Fast Refresh] done in 116ms @ https://localhost:3000/_next/static/chunks/node_modules_next_dist_1ybzpk2._.js:2477
